2026-08-07T14:32:13.644+05:30  INFO 24648 --- [employee-management-system] [restartedMain] c.e.EmployeeManagementSystemApplication  : Starting EmployeeManagementSystemApplication using Java 17.0.16 with PID 24648 (C:\Users\Dell\Downloads\Employee-Management-System-main\Employee-Management-System-main\target\classes started by Dell in C:\Users\Dell\Downloads\Employee-Management-System-main\Employee-Management-System-main)
2026-08-07T14:32:13.652+05:30 DEBUG 24648 --- [employee-management-system] [restartedMain] c.e.EmployeeManagementSystemApplication  : Running with Spring Boot v4.1.0, Spring v7.0.8
2026-08-07T14:32:13.657+05:30  INFO 24648 --- [employee-management-system] [restartedMain] c.e.EmployeeManagementSystemApplication  : No active profile set, falling back to 1 default profile: "default"
2026-08-07T14:32:13.833+05:30  INFO 24648 --- [employee-management-system] [restartedMain] .e.DevToolsPropertyDefaultsPostProcessor : Devtools property defaults active! Set 'spring.devtools.add-properties' to 'false' to disable
2026-08-07T14:32:13.833+05:30  INFO 24648 --- [employee-management-system] [restartedMain] .e.DevToolsPropertyDefaultsPostProcessor : For additional web related logging consider setting the 'logging.level.web' property to 'DEBUG'
2026-08-07T14:32:16.239+05:30  INFO 24648 --- [employee-management-system] [restartedMain] .s.d.r.c.RepositoryConfigurationDelegate : Bootstrapping Spring Data JPA repositories in DEFAULT mode.
2026-08-07T14:32:16.567+05:30  INFO 24648 --- [employee-management-system] [restartedMain] .s.d.r.c.RepositoryConfigurationDelegate : Finished Spring Data repository scanning in 294 ms. Found 10 JPA repository interfaces.
2026-08-07T14:32:18.473+05:30  INFO 24648 --- [employee-management-system] [restartedMain] o.s.boot.tomcat.TomcatWebServer          : Tomcat initialized with port 8888 (http)
2026-08-07T14:32:18.506+05:30  INFO 24648 --- [employee-management-system] [restartedMain] o.apache.catalina.core.StandardService   : Starting service [Tomcat]
2026-08-07T14:32:18.513+05:30  INFO 24648 --- [employee-management-system] [restartedMain] o.apache.catalina.core.StandardEngine    : Starting Servlet engine: [Apache Tomcat/11.0.22]
2026-08-07T14:32:18.631+05:30  INFO 24648 --- [employee-management-system] [restartedMain] b.w.c.s.WebApplicationContextInitializer : Root WebApplicationContext: initialization completed in 4798 ms
2026-08-07T14:32:18.914+05:30  INFO 24648 --- [employee-management-system] [restartedMain] com.zaxxer.hikari.HikariDataSource       : HikariPool-1 - Starting...
2026-08-07T14:32:19.389+05:30  INFO 24648 --- [employee-management-system] [restartedMain] com.zaxxer.hikari.pool.HikariPool        : HikariPool-1 - Added connection conn0: url=jdbc:h2:mem:emsdb user=SA
2026-08-07T14:32:19.398+05:30  INFO 24648 --- [employee-management-system] [restartedMain] com.zaxxer.hikari.HikariDataSource       : HikariPool-1 - Start completed.
2026-08-07T14:32:19.772+05:30  INFO 24648 --- [employee-management-system] [restartedMain] org.hibernate.orm.jpa                    : HHH008540: Processing PersistenceUnitInfo [name: default]
2026-08-07T14:32:19.938+05:30  INFO 24648 --- [employee-management-system] [restartedMain] org.hibernate.orm.core                   : HHH000001: Hibernate ORM core version 7.4.1.Final
2026-08-07T14:32:21.097+05:30  INFO 24648 --- [employee-management-system] [restartedMain] o.s.o.j.p.SpringPersistenceUnitInfo      : No LoadTimeWeaver setup: ignoring JPA class transformer
2026-08-07T14:32:21.280+05:30  WARN 24648 --- [employee-management-system] [restartedMain] org.hibernate.orm.deprecation            : HHH90000025: H2Dialect does not need to be specified explicitly using 'hibernate.dialect' (remove the property setting and it will be selected by default)
2026-08-07T14:32:21.381+05:30  INFO 24648 --- [employee-management-system] [restartedMain] org.hibernate.orm.connections.pooling    : HHH10001005: Database info:
	Database JDBC URL [jdbc:h2:mem:emsdb]
	Database driver: H2 JDBC Driver
	Database dialect: H2Dialect
	Database version: 2.4.240
	Default catalog/schema: EMSDB/PUBLIC
	Autocommit mode: undefined/unknown
	Isolation level: READ_COMMITTED [default READ_COMMITTED]
	JDBC fetch size: 100
	Pool: DataSourceConnectionProvider
	Minimum pool size: undefined/unknown
	Maximum pool size: undefined/unknown
2026-08-07T14:32:24.596+05:30  INFO 24648 --- [employee-management-system] [restartedMain] org.hibernate.orm.core                   : HHH000489: No JTA platform available (set 'hibernate.transaction.jta.platform' to enable JTA platform integration)
2026-08-07T14:32:24.730+05:30  INFO 24648 --- [employee-management-system] [restartedMain] j.LocalContainerEntityManagerFactoryBean : Initialized JPA EntityManagerFactory for persistence unit 'default'
2026-08-07T14:32:24.920+05:30  INFO 24648 --- [employee-management-system] [restartedMain] o.s.d.j.r.query.QueryEnhancerFactories   : Hibernate is in classpath; If applicable, HQL parser will be used.
2026-08-07T14:32:28.637+05:30  WARN 24648 --- [employee-management-system] [restartedMain] JpaBaseConfiguration$JpaWebConfiguration : spring.jpa.open-in-view is enabled by default. Therefore, database queries may be performed during view rendering. Explicitly configure spring.jpa.open-in-view to disable this warning
2026-08-07T14:32:28.912+05:30  INFO 24648 --- [employee-management-system] [restartedMain] eAuthenticationProviderManagerConfigurer : Global AuthenticationManager configured with AuthenticationProvider bean with name authenticationProvider
2026-08-07T14:32:28.920+05:30  WARN 24648 --- [employee-management-system] [restartedMain] r$InitializeUserDetailsManagerConfigurer : Global AuthenticationManager configured with an AuthenticationProvider bean. UserDetailsService beans will not be used by Spring Security for automatically configuring username/password login. Consider removing the AuthenticationProvider bean. Alternatively, consider using the UserDetailsService in a manually instantiated DaoAuthenticationProvider. If the current configuration is intentional, to turn off this warning, increase the logging level of 'org.springframework.security.config.annotation.authentication.configuration.InitializeUserDetailsBeanManagerConfigurer' to ERROR
2026-08-07T14:32:30.747+05:30  INFO 24648 --- [employee-management-system] [restartedMain] o.s.boot.tomcat.TomcatWebServer          : Tomcat started on port 8888 (http) with context path '/'
2026-08-07T14:32:30.763+05:30  INFO 24648 --- [employee-management-system] [restartedMain] c.e.EmployeeManagementSystemApplication  : Started EmployeeManagementSystemApplication in 18.409 seconds (process running for 19.259)
2026-08-07T14:32:30.797+05:30  INFO 24648 --- [employee-management-system] [restartedMain] com.ems.config.DataInitializer           : Verifying and seeding system initialization data...
2026-08-07T14:32:33.497+05:30  INFO 24648 --- [employee-management-system] [restartedMain] com.ems.config.DataInitializer           : System initialization complete. All demo accounts verified!
2026-08-07T14:33:12.551+05:30  INFO 24648 --- [employee-management-system] [http-nio-8888-exec-2] o.a.c.c.C.[Tomcat].[localhost].[/]       : Initializing Spring DispatcherServlet 'dispatcherServlet'
2026-08-07T14:33:12.553+05:30  INFO 24648 --- [employee-management-system] [http-nio-8888-exec-2] o.s.web.servlet.DispatcherServlet        : Initializing Servlet 'dispatcherServlet'
2026-08-07T14:33:12.555+05:30  INFO 24648 --- [employee-management-system] [http-nio-8888-exec-2] o.s.web.servlet.DispatcherServlet        : Completed initialization in 2 ms
2026-08-07T14:35:20.495+05:30  INFO 24648 --- [employee-management-system] [http-nio-8888-exec-3] c.e.s.CustomAuthenticationSuccessHandler : User 'admin' successfully logged in from IP 0:0:0:0:0:0:0:1
2026-08-07T14:37:35.964+05:30  INFO 24648 --- [employee-management-system] [http-nio-8888-exec-7] c.e.s.CustomAuthenticationSuccessHandler : User 'admin' successfully logged in from IP 0:0:0:0:0:0:0:1
2026-08-07T14:37:37.140+05:30  WARN 24648 --- [employee-management-system] [http-nio-8888-exec-6] c.ems.exception.GlobalExceptionHandler   : Static resource not found: favicon.ico
2026-08-07T14:37:37.146+05:30  WARN 24648 --- [employee-management-system] [http-nio-8888-exec-6] .m.m.a.ExceptionHandlerExceptionResolver : Resolved [org.springframework.web.servlet.resource.NoResourceFoundException: No static resource favicon.ico for request '/favicon.ico'.]
2026-08-07T14:37:44.276+05:30  WARN 24648 --- [employee-management-system] [http-nio-8888-exec-8] c.ems.exception.GlobalExceptionHandler   : Static resource not found: favicon.ico
2026-08-07T14:37:44.280+05:30  WARN 24648 --- [employee-management-system] [http-nio-8888-exec-8] .m.m.a.ExceptionHandlerExceptionResolver : Resolved [org.springframework.web.servlet.resource.NoResourceFoundException: No static resource favicon.ico for request '/favicon.ico'.]
2026-08-07T14:37:56.039+05:30  WARN 24648 --- [employee-management-system] [http-nio-8888-exec-9] c.ems.exception.GlobalExceptionHandler   : Static resource not found: favicon.ico
2026-08-07T14:37:56.040+05:30  WARN 24648 --- [employee-management-system] [http-nio-8888-exec-9] .m.m.a.ExceptionHandlerExceptionResolver : Resolved [org.springframework.web.servlet.resource.NoResourceFoundException: No static resource favicon.ico for request '/favicon.ico'.]
2026-08-07T14:37:59.977+05:30  WARN 24648 --- [employee-management-system] [http-nio-8888-exec-2] c.ems.exception.GlobalExceptionHandler   : Static resource not found: favicon.ico
2026-08-07T14:37:59.978+05:30  WARN 24648 --- [employee-management-system] [http-nio-8888-exec-2] .m.m.a.ExceptionHandlerExceptionResolver : Resolved [org.springframework.web.servlet.resource.NoResourceFoundException: No static resource favicon.ico for request '/favicon.ico'.]
2026-08-07T14:38:02.021+05:30  WARN 24648 --- [employee-management-system] [http-nio-8888-exec-3] c.ems.exception.GlobalExceptionHandler   : Static resource not found: favicon.ico
2026-08-07T14:38:02.022+05:30  WARN 24648 --- [employee-management-system] [http-nio-8888-exec-3] .m.m.a.ExceptionHandlerExceptionResolver : Resolved [org.springframework.web.servlet.resource.NoResourceFoundException: No static resource favicon.ico for request '/favicon.ico'.]
2026-08-07T14:39:22.242+05:30  WARN 24648 --- [employee-management-system] [http-nio-8888-exec-8] c.ems.exception.GlobalExceptionHandler   : Static resource not found: favicon.ico
2026-08-07T14:39:22.242+05:30  WARN 24648 --- [employee-management-system] [http-nio-8888-exec-8] .m.m.a.ExceptionHandlerExceptionResolver : Resolved [org.springframework.web.servlet.resource.NoResourceFoundException: No static resource favicon.ico for request '/favicon.ico'.]
2026-08-07T14:39:50.145+05:30  WARN 24648 --- [employee-management-system] [http-nio-8888-exec-4] c.ems.exception.GlobalExceptionHandler   : Static resource not found: favicon.ico
2026-08-07T14:39:50.146+05:30  WARN 24648 --- [employee-management-system] [http-nio-8888-exec-4] .m.m.a.ExceptionHandlerExceptionResolver : Resolved [org.springframework.web.servlet.resource.NoResourceFoundException: No static resource favicon.ico for request '/favicon.ico'.]
2026-08-07T14:40:35.476+05:30  WARN 24648 --- [employee-management-system] [http-nio-8888-exec-3] c.ems.exception.GlobalExceptionHandler   : Static resource not found: favicon.ico
2026-08-07T14:40:35.477+05:30  WARN 24648 --- [employee-management-system] [http-nio-8888-exec-3] .m.m.a.ExceptionHandlerExceptionResolver : Resolved [org.springframework.web.servlet.resource.NoResourceFoundException: No static resource favicon.ico for request '/favicon.ico'.]
2026-08-07T14:40:40.617+05:30  WARN 24648 --- [employee-management-system] [http-nio-8888-exec-6] c.ems.exception.GlobalExceptionHandler   : Static resource not found: favicon.ico
2026-08-07T14:40:40.619+05:30  WARN 24648 --- [employee-management-system] [http-nio-8888-exec-6] .m.m.a.ExceptionHandlerExceptionResolver : Resolved [org.springframework.web.servlet.resource.NoResourceFoundException: No static resource favicon.ico for request '/favicon.ico'.]
2026-08-07T14:40:43.956+05:30  WARN 24648 --- [employee-management-system] [http-nio-8888-exec-7] c.ems.exception.GlobalExceptionHandler   : Static resource not found: favicon.ico
2026-08-07T14:40:43.957+05:30  WARN 24648 --- [employee-management-system] [http-nio-8888-exec-7] .m.m.a.ExceptionHandlerExceptionResolver : Resolved [org.springframework.web.servlet.resource.NoResourceFoundException: No static resource favicon.ico for request '/favicon.ico'.]
2026-08-07T14:41:49.104+05:30  INFO 24648 --- [employee-management-system] [http-nio-8888-exec-3] c.e.service.impl.AttendanceServiceImpl   : Marked attendance for employee EMP001 on date 2026-08-07
2026-08-07T14:41:49.339+05:30  WARN 24648 --- [employee-management-system] [http-nio-8888-exec-10] c.ems.exception.GlobalExceptionHandler   : Static resource not found: favicon.ico
2026-08-07T14:41:49.340+05:30  WARN 24648 --- [employee-management-system] [http-nio-8888-exec-10] .m.m.a.ExceptionHandlerExceptionResolver : Resolved [org.springframework.web.servlet.resource.NoResourceFoundException: No static resource favicon.ico for request '/favicon.ico'.]
2026-08-07T14:41:57.592+05:30  WARN 24648 --- [employee-management-system] [http-nio-8888-exec-6] c.ems.exception.GlobalExceptionHandler   : Static resource not found: favicon.ico
2026-08-07T14:41:57.593+05:30  WARN 24648 --- [employee-management-system] [http-nio-8888-exec-6] .m.m.a.ExceptionHandlerExceptionResolver : Resolved [org.springframework.web.servlet.resource.NoResourceFoundException: No static resource favicon.ico for request '/favicon.ico'.]
2026-08-07T14:42:02.123+05:30  WARN 24648 --- [employee-management-system] [http-nio-8888-exec-3] c.ems.exception.GlobalExceptionHandler   : Static resource not found: favicon.ico
2026-08-07T14:42:02.124+05:30  WARN 24648 --- [employee-management-system] [http-nio-8888-exec-3] .m.m.a.ExceptionHandlerExceptionResolver : Resolved [org.springframework.web.servlet.resource.NoResourceFoundException: No static resource favicon.ico for request '/favicon.ico'.]
2026-08-07T14:42:12.086+05:30  WARN 24648 --- [employee-management-system] [http-nio-8888-exec-10] c.ems.exception.GlobalExceptionHandler   : Static resource not found: favicon.ico
2026-08-07T14:42:12.087+05:30  WARN 24648 --- [employee-management-system] [http-nio-8888-exec-10] .m.m.a.ExceptionHandlerExceptionResolver : Resolved [org.springframework.web.servlet.resource.NoResourceFoundException: No static resource favicon.ico for request '/favicon.ico'.]
2026-08-07T14:42:16.193+05:30  WARN 24648 --- [employee-management-system] [http-nio-8888-exec-6] c.ems.exception.GlobalExceptionHandler   : Static resource not found: favicon.ico
2026-08-07T14:42:16.194+05:30  WARN 24648 --- [employee-management-system] [http-nio-8888-exec-6] .m.m.a.ExceptionHandlerExceptionResolver : Resolved [org.springframework.web.servlet.resource.NoResourceFoundException: No static resource favicon.ico for request '/favicon.ico'.]
2026-08-07T14:42:19.585+05:30  WARN 24648 --- [employee-management-system] [http-nio-8888-exec-3] c.ems.exception.GlobalExceptionHandler   : Static resource not found: favicon.ico
2026-08-07T14:42:19.586+05:30  WARN 24648 --- [employee-management-system] [http-nio-8888-exec-3] .m.m.a.ExceptionHandlerExceptionResolver : Resolved [org.springframework.web.servlet.resource.NoResourceFoundException: No static resource favicon.ico for request '/favicon.ico'.]
2026-08-07T14:42:22.394+05:30  WARN 24648 --- [employee-management-system] [http-nio-8888-exec-10] c.ems.exception.GlobalExceptionHandler   : Static resource not found: favicon.ico
2026-08-07T14:42:22.396+05:30  WARN 24648 --- [employee-management-system] [http-nio-8888-exec-10] .m.m.a.ExceptionHandlerExceptionResolver : Resolved [org.springframework.web.servlet.resource.NoResourceFoundException: No static resource favicon.ico for request '/favicon.ico'.]
2026-08-07T14:42:24.870+05:30  WARN 24648 --- [employee-management-system] [http-nio-8888-exec-6] c.ems.exception.GlobalExceptionHandler   : Static resource not found: favicon.ico
2026-08-07T14:42:24.871+05:30  WARN 24648 --- [employee-management-system] [http-nio-8888-exec-6] .m.m.a.ExceptionHandlerExceptionResolver : Resolved [org.springframework.web.servlet.resource.NoResourceFoundException: No static resource favicon.ico for request '/favicon.ico'.]
2026-08-07T14:42:25.716+05:30  WARN 24648 --- [employee-management-system] [http-nio-8888-exec-3] c.ems.exception.GlobalExceptionHandler   : Static resource not found: favicon.ico
2026-08-07T14:42:25.718+05:30  WARN 24648 --- [employee-management-system] [http-nio-8888-exec-3] .m.m.a.ExceptionHandlerExceptionResolver : Resolved [org.springframework.web.servlet.resource.NoResourceFoundException: No static resource favicon.ico for request '/favicon.ico'.]
2026-08-07T14:42:26.733+05:30  WARN 24648 --- [employee-management-system] [http-nio-8888-exec-10] c.ems.exception.GlobalExceptionHandler   : Static resource not found: favicon.ico
2026-08-07T14:42:26.734+05:30  WARN 24648 --- [employee-management-system] [http-nio-8888-exec-10] .m.m.a.ExceptionHandlerExceptionResolver : Resolved [org.springframework.web.servlet.resource.NoResourceFoundException: No static resource favicon.ico for request '/favicon.ico'.]
2026-08-07T14:42:27.732+05:30  WARN 24648 --- [employee-management-system] [http-nio-8888-exec-6] c.ems.exception.GlobalExceptionHandler   : Static resource not found: favicon.ico
2026-08-07T14:42:27.736+05:30  WARN 24648 --- [employee-management-system] [http-nio-8888-exec-6] .m.m.a.ExceptionHandlerExceptionResolver : Resolved [org.springframework.web.servlet.resource.NoResourceFoundException: No static resource favicon.ico for request '/favicon.ico'.]
2026-08-07T14:42:36.010+05:30  WARN 24648 --- [employee-management-system] [http-nio-8888-exec-5] c.ems.exception.GlobalExceptionHandler   : Static resource not found: favicon.ico
2026-08-07T14:42:36.013+05:30  WARN 24648 --- [employee-management-system] [http-nio-8888-exec-5] .m.m.a.ExceptionHandlerExceptionResolver : Resolved [org.springframework.web.servlet.resource.NoResourceFoundException: No static resource favicon.ico for request '/favicon.ico'.]
2026-08-07T14:42:45.101+05:30  WARN 24648 --- [employee-management-system] [http-nio-8888-exec-9] c.ems.exception.GlobalExceptionHandler   : Static resource not found: favicon.ico
2026-08-07T14:42:45.106+05:30  WARN 24648 --- [employee-management-system] [http-nio-8888-exec-9] .m.m.a.ExceptionHandlerExceptionResolver : Resolved [org.springframework.web.servlet.resource.NoResourceFoundException: No static resource favicon.ico for request '/favicon.ico'.]
2026-08-07T14:42:48.695+05:30  WARN 24648 --- [employee-management-system] [http-nio-8888-exec-2] c.ems.exception.GlobalExceptionHandler   : Static resource not found: favicon.ico
2026-08-07T14:42:48.696+05:30  WARN 24648 --- [employee-management-system] [http-nio-8888-exec-2] .m.m.a.ExceptionHandlerExceptionResolver : Resolved [org.springframework.web.servlet.resource.NoResourceFoundException: No static resource favicon.ico for request '/favicon.ico'.]
2026-08-07T14:48:01.783+05:30  INFO 1820 --- [employee-management-system] [restartedMain] c.e.EmployeeManagementSystemApplication  : Starting EmployeeManagementSystemApplication using Java 17.0.16 with PID 1820 (C:\Users\Dell\Downloads\Employee-Management-System-main\Employee-Management-System-main\target\classes started by Dell in C:\Users\Dell\Downloads\Employee-Management-System-main\Employee-Management-System-main)
2026-08-07T14:48:01.791+05:30 DEBUG 1820 --- [employee-management-system] [restartedMain] c.e.EmployeeManagementSystemApplication  : Running with Spring Boot v4.1.0, Spring v7.0.8
2026-08-07T14:48:01.794+05:30  INFO 1820 --- [employee-management-system] [restartedMain] c.e.EmployeeManagementSystemApplication  : No active profile set, falling back to 1 default profile: "default"
2026-08-07T14:48:01.965+05:30  INFO 1820 --- [employee-management-system] [restartedMain] .e.DevToolsPropertyDefaultsPostProcessor : Devtools property defaults active! Set 'spring.devtools.add-properties' to 'false' to disable
2026-08-07T14:48:01.967+05:30  INFO 1820 --- [employee-management-system] [restartedMain] .e.DevToolsPropertyDefaultsPostProcessor : For additional web related logging consider setting the 'logging.level.web' property to 'DEBUG'
2026-08-07T14:48:04.622+05:30  INFO 1820 --- [employee-management-system] [restartedMain] .s.d.r.c.RepositoryConfigurationDelegate : Bootstrapping Spring Data JPA repositories in DEFAULT mode.
2026-08-07T14:48:04.858+05:30  INFO 1820 --- [employee-management-system] [restartedMain] .s.d.r.c.RepositoryConfigurationDelegate : Finished Spring Data repository scanning in 209 ms. Found 10 JPA repository interfaces.
2026-08-07T14:48:06.420+05:30  INFO 1820 --- [employee-management-system] [restartedMain] o.s.boot.tomcat.TomcatWebServer          : Tomcat initialized with port 8888 (http)
2026-08-07T14:48:06.458+05:30  INFO 1820 --- [employee-management-system] [restartedMain] o.apache.catalina.core.StandardService   : Starting service [Tomcat]
2026-08-07T14:48:06.460+05:30  INFO 1820 --- [employee-management-system] [restartedMain] o.apache.catalina.core.StandardEngine    : Starting Servlet engine: [Apache Tomcat/11.0.22]
2026-08-07T14:48:06.585+05:30  INFO 1820 --- [employee-management-system] [restartedMain] b.w.c.s.WebApplicationContextInitializer : Root WebApplicationContext: initialization completed in 4615 ms
2026-08-07T14:48:06.858+05:30  INFO 1820 --- [employee-management-system] [restartedMain] com.zaxxer.hikari.HikariDataSource       : HikariPool-1 - Starting...
2026-08-07T14:48:07.460+05:30  INFO 1820 --- [employee-management-system] [restartedMain] com.zaxxer.hikari.pool.HikariPool        : HikariPool-1 - Added connection conn0: url=jdbc:h2:mem:emsdb user=SA
2026-08-07T14:48:07.466+05:30  INFO 1820 --- [employee-management-system] [restartedMain] com.zaxxer.hikari.HikariDataSource       : HikariPool-1 - Start completed.
2026-08-07T14:48:07.849+05:30  INFO 1820 --- [employee-management-system] [restartedMain] org.hibernate.orm.jpa                    : HHH008540: Processing PersistenceUnitInfo [name: default]
2026-08-07T14:48:08.036+05:30  INFO 1820 --- [employee-management-system] [restartedMain] org.hibernate.orm.core                   : HHH000001: Hibernate ORM core version 7.4.1.Final
2026-08-07T14:48:10.167+05:30  INFO 1820 --- [employee-management-system] [restartedMain] o.s.o.j.p.SpringPersistenceUnitInfo      : No LoadTimeWeaver setup: ignoring JPA class transformer
2026-08-07T14:48:10.396+05:30  WARN 1820 --- [employee-management-system] [restartedMain] org.hibernate.orm.deprecation            : HHH90000025: H2Dialect does not need to be specified explicitly using 'hibernate.dialect' (remove the property setting and it will be selected by default)
2026-08-07T14:48:10.456+05:30  INFO 1820 --- [employee-management-system] [restartedMain] org.hibernate.orm.connections.pooling    : HHH10001005: Database info:
	Database JDBC URL [jdbc:h2:mem:emsdb]
	Database driver: H2 JDBC Driver
	Database dialect: H2Dialect
	Database version: 2.4.240
	Default catalog/schema: EMSDB/PUBLIC
	Autocommit mode: undefined/unknown
	Isolation level: READ_COMMITTED [default READ_COMMITTED]
	JDBC fetch size: 100
	Pool: DataSourceConnectionProvider
	Minimum pool size: undefined/unknown
	Maximum pool size: undefined/unknown
2026-08-07T14:48:15.463+05:30  INFO 1820 --- [employee-management-system] [restartedMain] org.hibernate.orm.core                   : HHH000489: No JTA platform available (set 'hibernate.transaction.jta.platform' to enable JTA platform integration)
2026-08-07T14:48:15.733+05:30  INFO 1820 --- [employee-management-system] [restartedMain] j.LocalContainerEntityManagerFactoryBean : Initialized JPA EntityManagerFactory for persistence unit 'default'
2026-08-07T14:48:16.252+05:30  INFO 1820 --- [employee-management-system] [restartedMain] o.s.d.j.r.query.QueryEnhancerFactories   : Hibernate is in classpath; If applicable, HQL parser will be used.
2026-08-07T14:48:20.379+05:30  WARN 1820 --- [employee-management-system] [restartedMain] JpaBaseConfiguration$JpaWebConfiguration : spring.jpa.open-in-view is enabled by default. Therefore, database queries may be performed during view rendering. Explicitly configure spring.jpa.open-in-view to disable this warning
2026-08-07T14:48:20.537+05:30  INFO 1820 --- [employee-management-system] [restartedMain] eAuthenticationProviderManagerConfigurer : Global AuthenticationManager configured with AuthenticationProvider bean with name authenticationProvider
2026-08-07T14:48:20.539+05:30  WARN 1820 --- [employee-management-system] [restartedMain] r$InitializeUserDetailsManagerConfigurer : Global AuthenticationManager configured with an AuthenticationProvider bean. UserDetailsService beans will not be used by Spring Security for automatically configuring username/password login. Consider removing the AuthenticationProvider bean. Alternatively, consider using the UserDetailsService in a manually instantiated DaoAuthenticationProvider. If the current configuration is intentional, to turn off this warning, increase the logging level of 'org.springframework.security.config.annotation.authentication.configuration.InitializeUserDetailsBeanManagerConfigurer' to ERROR
2026-08-07T14:48:21.584+05:30  WARN 1820 --- [employee-management-system] [restartedMain] ConfigServletWebServerApplicationContext : Exception encountered during context initialization - cancelling refresh attempt: org.springframework.context.ApplicationContextException: Failed to start bean 'webServerStartStop'
2026-08-07T14:48:21.592+05:30  INFO 1820 --- [employee-management-system] [restartedMain] j.LocalContainerEntityManagerFactoryBean : Closing JPA EntityManagerFactory for persistence unit 'default'
2026-08-07T14:48:21.604+05:30  WARN 1820 --- [employee-management-system] [restartedMain] o.s.b.f.support.DisposableBeanAdapter    : Invocation of destroy method failed on bean with name 'inMemoryDatabaseShutdownExecutor': org.h2.jdbc.JdbcSQLNonTransientConnectionException: Database is already closed (to disable automatic closing at VM shutdown, add ";DB_CLOSE_ON_EXIT=FALSE" to the db URL) [90121-240]
2026-08-07T14:48:21.606+05:30  INFO 1820 --- [employee-management-system] [restartedMain] com.zaxxer.hikari.HikariDataSource       : HikariPool-1 - Shutdown initiated...
2026-08-07T14:48:21.610+05:30  INFO 1820 --- [employee-management-system] [restartedMain] com.zaxxer.hikari.HikariDataSource       : HikariPool-1 - Shutdown completed.
2026-08-07T14:48:21.641+05:30  INFO 1820 --- [employee-management-system] [restartedMain] .s.b.a.l.ConditionEvaluationReportLogger : 

Error starting ApplicationContext. To display the condition evaluation report re-run your application with 'debug' enabled.
2026-08-07T14:48:21.670+05:30 ERROR 1820 --- [employee-management-system] [restartedMain] o.s.b.d.LoggingFailureAnalysisReporter   : 

***************************
APPLICATION FAILED TO START
***************************

Description:

Web server failed to start. Port 8888 was already in use.

Action:

Identify and stop the process that's listening on port 8888 or configure this application to listen on another port.

2026-08-07T14:48:57.536+05:30  WARN 24648 --- [employee-management-system] [http-nio-8888-exec-1] c.ems.exception.GlobalExceptionHandler   : Static resource not found: favicon.ico
2026-08-07T14:48:57.550+05:30  WARN 24648 --- [employee-management-system] [http-nio-8888-exec-1] .m.m.a.ExceptionHandlerExceptionResolver : Resolved [org.springframework.web.servlet.resource.NoResourceFoundException: No static resource favicon.ico for request '/favicon.ico'.]
2026-08-07T14:49:35.845+05:30  WARN 24648 --- [employee-management-system] [http-nio-8888-exec-4] c.ems.exception.GlobalExceptionHandler   : Static resource not found: favicon.ico
2026-08-07T14:49:35.847+05:30  WARN 24648 --- [employee-management-system] [http-nio-8888-exec-4] .m.m.a.ExceptionHandlerExceptionResolver : Resolved [org.springframework.web.servlet.resource.NoResourceFoundException: No static resource favicon.ico for request '/favicon.ico'.]
2026-08-07T14:49:54.135+05:30  WARN 24648 --- [employee-management-system] [http-nio-8888-exec-7] c.ems.exception.GlobalExceptionHandler   : Static resource not found: favicon.ico
2026-08-07T14:49:54.137+05:30  WARN 24648 --- [employee-management-system] [http-nio-8888-exec-7] .m.m.a.ExceptionHandlerExceptionResolver : Resolved [org.springframework.web.servlet.resource.NoResourceFoundException: No static resource favicon.ico for request '/favicon.ico'.]
2026-08-07T14:59:33.451+05:30  WARN 24648 --- [employee-management-system] [http-nio-8888-exec-9] c.ems.exception.GlobalExceptionHandler   : Static resource not found: favicon.ico
2026-08-07T14:59:33.485+05:30  WARN 24648 --- [employee-management-system] [http-nio-8888-exec-9] .m.m.a.ExceptionHandlerExceptionResolver : Resolved [org.springframework.web.servlet.resource.NoResourceFoundException: No static resource favicon.ico for request '/favicon.ico'.]
2026-08-07T14:59:59.207+05:30  WARN 24648 --- [employee-management-system] [http-nio-8888-exec-4] c.ems.exception.GlobalExceptionHandler   : Static resource not found: favicon.ico
2026-08-07T14:59:59.213+05:30  WARN 24648 --- [employee-management-system] [http-nio-8888-exec-4] .m.m.a.ExceptionHandlerExceptionResolver : Resolved [org.springframework.web.servlet.resource.NoResourceFoundException: No static resource favicon.ico for request '/favicon.ico'.]
2026-08-07T15:00:04.361+05:30  WARN 24648 --- [employee-management-system] [http-nio-8888-exec-2] c.ems.exception.GlobalExceptionHandler   : Static resource not found: favicon.ico
2026-08-07T15:00:04.361+05:30  WARN 24648 --- [employee-management-system] [http-nio-8888-exec-2] .m.m.a.ExceptionHandlerExceptionResolver : Resolved [org.springframework.web.servlet.resource.NoResourceFoundException: No static resource favicon.ico for request '/favicon.ico'.]
2026-08-07T15:08:56.942+05:30  WARN 24648 --- [employee-management-system] [http-nio-8888-exec-5] c.ems.exception.GlobalExceptionHandler   : Static resource not found: favicon.ico
2026-08-07T15:08:56.953+05:30  WARN 24648 --- [employee-management-system] [http-nio-8888-exec-5] .m.m.a.ExceptionHandlerExceptionResolver : Resolved [org.springframework.web.servlet.resource.NoResourceFoundException: No static resource favicon.ico for request '/favicon.ico'.]
2026-08-07T15:09:08.034+05:30  WARN 24648 --- [employee-management-system] [http-nio-8888-exec-3] c.ems.exception.GlobalExceptionHandler   : Static resource not found: favicon.ico
2026-08-07T15:09:08.035+05:30  WARN 24648 --- [employee-management-system] [http-nio-8888-exec-3] .m.m.a.ExceptionHandlerExceptionResolver : Resolved [org.springframework.web.servlet.resource.NoResourceFoundException: No static resource favicon.ico for request '/favicon.ico'.]
2026-08-07T15:09:11.881+05:30  WARN 24648 --- [employee-management-system] [http-nio-8888-exec-1] c.ems.exception.GlobalExceptionHandler   : Static resource not found: favicon.ico
2026-08-07T15:09:11.882+05:30  WARN 24648 --- [employee-management-system] [http-nio-8888-exec-1] .m.m.a.ExceptionHandlerExceptionResolver : Resolved [org.springframework.web.servlet.resource.NoResourceFoundException: No static resource favicon.ico for request '/favicon.ico'.]
2026-08-07T15:09:15.433+05:30  WARN 24648 --- [employee-management-system] [http-nio-8888-exec-5] c.ems.exception.GlobalExceptionHandler   : Static resource not found: favicon.ico
2026-08-07T15:09:15.436+05:30  WARN 24648 --- [employee-management-system] [http-nio-8888-exec-5] .m.m.a.ExceptionHandlerExceptionResolver : Resolved [org.springframework.web.servlet.resource.NoResourceFoundException: No static resource favicon.ico for request '/favicon.ico'.]
2026-08-07T15:09:17.597+05:30  WARN 24648 --- [employee-management-system] [http-nio-8888-exec-9] c.ems.exception.GlobalExceptionHandler   : Static resource not found: favicon.ico
2026-08-07T15:09:17.597+05:30  WARN 24648 --- [employee-management-system] [http-nio-8888-exec-9] .m.m.a.ExceptionHandlerExceptionResolver : Resolved [org.springframework.web.servlet.resource.NoResourceFoundException: No static resource favicon.ico for request '/favicon.ico'.]
2026-08-07T15:09:19.974+05:30  WARN 24648 --- [employee-management-system] [http-nio-8888-exec-1] c.ems.exception.GlobalExceptionHandler   : Static resource not found: favicon.ico
2026-08-07T15:09:19.975+05:30  WARN 24648 --- [employee-management-system] [http-nio-8888-exec-1] .m.m.a.ExceptionHandlerExceptionResolver : Resolved [org.springframework.web.servlet.resource.NoResourceFoundException: No static resource favicon.ico for request '/favicon.ico'.]
2026-08-07T15:11:03.829+05:30  INFO 24648 --- [employee-management-system] [http-nio-8888-exec-5] c.e.s.CustomAuthenticationSuccessHandler : User 'employee' successfully logged in from IP 0:0:0:0:0:0:0:1
2026-08-07T15:11:04.445+05:30  WARN 24648 --- [employee-management-system] [http-nio-8888-exec-6] c.ems.exception.GlobalExceptionHandler   : Static resource not found: favicon.ico
2026-08-07T15:11:04.446+05:30  WARN 24648 --- [employee-management-system] [http-nio-8888-exec-6] .m.m.a.ExceptionHandlerExceptionResolver : Resolved [org.springframework.web.servlet.resource.NoResourceFoundException: No static resource favicon.ico for request '/favicon.ico'.]
2026-08-07T15:11:34.998+05:30  WARN 24648 --- [employee-management-system] [http-nio-8888-exec-7] c.ems.exception.GlobalExceptionHandler   : Static resource not found: favicon.ico
2026-08-07T15:11:34.999+05:30  WARN 24648 --- [employee-management-system] [http-nio-8888-exec-7] .m.m.a.ExceptionHandlerExceptionResolver : Resolved [org.springframework.web.servlet.resource.NoResourceFoundException: No static resource favicon.ico for request '/favicon.ico'.]
2026-08-07T15:11:36.772+05:30  WARN 24648 --- [employee-management-system] [http-nio-8888-exec-10] c.ems.exception.GlobalExceptionHandler   : Static resource not found: favicon.ico
2026-08-07T15:11:36.774+05:30  WARN 24648 --- [employee-management-system] [http-nio-8888-exec-10] .m.m.a.ExceptionHandlerExceptionResolver : Resolved [org.springframework.web.servlet.resource.NoResourceFoundException: No static resource favicon.ico for request '/favicon.ico'.]
2026-08-07T15:11:37.988+05:30  WARN 24648 --- [employee-management-system] [http-nio-8888-exec-8] c.ems.exception.GlobalExceptionHandler   : Static resource not found: favicon.ico
2026-08-07T15:11:37.989+05:30  WARN 24648 --- [employee-management-system] [http-nio-8888-exec-8] .m.m.a.ExceptionHandlerExceptionResolver : Resolved [org.springframework.web.servlet.resource.NoResourceFoundException: No static resource favicon.ico for request '/favicon.ico'.]
2026-08-07T15:11:40.008+05:30 ERROR 24648 --- [employee-management-system] [http-nio-8888-exec-1] org.thymeleaf.TemplateEngine             : [THYMELEAF][http-nio-8888-exec-1] Exception processing template "leave/apply": An error happened during template parsing (template: "class path resource [templates/leave/apply.html]")

org.thymeleaf.exceptions.TemplateInputException: An error happened during template parsing (template: "class path resource [templates/leave/apply.html]")
	at org.thymeleaf.templateparser.markup.AbstractMarkupTemplateParser.parse(AbstractMarkupTemplateParser.java:241) ~[thymeleaf-3.1.5.RELEASE.jar:3.1.5.RELEASE]
	at org.thymeleaf.templateparser.markup.AbstractMarkupTemplateParser.parseStandalone(AbstractMarkupTemplateParser.java:100) ~[thymeleaf-3.1.5.RELEASE.jar:3.1.5.RELEASE]
	at org.thymeleaf.engine.TemplateManager.parseAndProcess(TemplateManager.java:666) ~[thymeleaf-3.1.5.RELEASE.jar:3.1.5.RELEASE]
	at org.thymeleaf.TemplateEngine.process(TemplateEngine.java:1103) ~[thymeleaf-3.1.5.RELEASE.jar:3.1.5.RELEASE]
	at org.thymeleaf.TemplateEngine.process(TemplateEngine.java:1077) ~[thymeleaf-3.1.5.RELEASE.jar:3.1.5.RELEASE]
	at org.thymeleaf.spring6.view.ThymeleafView.renderFragment(ThymeleafView.java:374) ~[thymeleaf-spring6-3.1.5.RELEASE.jar:3.1.5.RELEASE]
	at org.thymeleaf.spring6.view.ThymeleafView.render(ThymeleafView.java:193) ~[thymeleaf-spring6-3.1.5.RELEASE.jar:3.1.5.RELEASE]
	at org.springframework.web.servlet.DispatcherServlet.render(DispatcherServlet.java:1305) ~[spring-webmvc-7.0.8.jar:7.0.8]
	at org.springframework.web.servlet.DispatcherServlet.processDispatchResult(DispatcherServlet.java:1042) ~[spring-webmvc-7.0.8.jar:7.0.8]
	at org.springframework.web.servlet.DispatcherServlet.doDispatch(DispatcherServlet.java:980) ~[spring-webmvc-7.0.8.jar:7.0.8]
	at org.springframework.web.servlet.DispatcherServlet.doService(DispatcherServlet.java:866) ~[spring-webmvc-7.0.8.jar:7.0.8]
	at org.springframework.web.servlet.FrameworkServlet.processRequest(FrameworkServlet.java:1000) ~[spring-webmvc-7.0.8.jar:7.0.8]
	at org.springframework.web.servlet.FrameworkServlet.doGet(FrameworkServlet.java:892) ~[spring-webmvc-7.0.8.jar:7.0.8]
	at jakarta.servlet.http.HttpServlet.service(HttpServlet.java:622) ~[tomcat-embed-core-11.0.22.jar:6.1]
	at org.springframework.web.servlet.FrameworkServlet.service(FrameworkServlet.java:874) ~[spring-webmvc-7.0.8.jar:7.0.8]
	at jakarta.servlet.http.HttpServlet.service(HttpServlet.java:710) ~[tomcat-embed-core-11.0.22.jar:6.1]
	at org.apache.catalina.core.ApplicationFilterChain.doFilter(ApplicationFilterChain.java:128) ~[tomcat-embed-core-11.0.22.jar:11.0.22]
	at org.apache.tomcat.websocket.server.WsFilter.doFilter(WsFilter.java:53) ~[tomcat-embed-websocket-11.0.22.jar:11.0.22]
	at org.apache.catalina.core.ApplicationFilterChain.doFilter(ApplicationFilterChain.java:107) ~[tomcat-embed-core-11.0.22.jar:11.0.22]
	at org.springframework.web.filter.CompositeFilter$VirtualFilterChain.doFilter(CompositeFilter.java:108) ~[spring-web-7.0.8.jar:7.0.8]
	at org.springframework.security.web.FilterChainProxy.lambda$doFilterInternal$2(FilterChainProxy.java:235) ~[spring-security-web-7.1.0.jar:7.1.0]
	at org.springframework.security.web.FilterChainProxy$VirtualFilterChain.doFilter(FilterChainProxy.java:376) ~[spring-security-web-7.1.0.jar:7.1.0]
	at org.springframework.security.web.access.intercept.AuthorizationFilter.doFilter(AuthorizationFilter.java:101) ~[spring-security-web-7.1.0.jar:7.1.0]
	at org.springframework.security.web.FilterChainProxy$VirtualFilterChain.doFilter(FilterChainProxy.java:385) ~[spring-security-web-7.1.0.jar:7.1.0]
	at org.springframework.security.web.access.ExceptionTranslationFilter.doFilter(ExceptionTranslationFilter.java:126) ~[spring-security-web-7.1.0.jar:7.1.0]
	at org.springframework.security.web.access.ExceptionTranslationFilter.doFilter(ExceptionTranslationFilter.java:120) ~[spring-security-web-7.1.0.jar:7.1.0]
	at org.springframework.security.web.FilterChainProxy$VirtualFilterChain.doFilter(FilterChainProxy.java:385) ~[spring-security-web-7.1.0.jar:7.1.0]
	at org.springframework.security.web.authentication.AnonymousAuthenticationFilter.doFilter(AnonymousAuthenticationFilter.java:100) ~[spring-security-web-7.1.0.jar:7.1.0]
	at org.springframework.security.web.FilterChainProxy$VirtualFilterChain.doFilter(FilterChainProxy.java:385) ~[spring-security-web-7.1.0.jar:7.1.0]
	at org.springframework.security.web.authentication.rememberme.RememberMeAuthenticationFilter.doFilter(RememberMeAuthenticationFilter.java:115) ~[spring-security-web-7.1.0.jar:7.1.0]
	at org.springframework.security.web.authentication.rememberme.RememberMeAuthenticationFilter.doFilter(RememberMeAuthenticationFilter.java:106) ~[spring-security-web-7.1.0.jar:7.1.0]
	at org.springframework.security.web.FilterChainProxy$VirtualFilterChain.doFilter(FilterChainProxy.java:385) ~[spring-security-web-7.1.0.jar:7.1.0]
	at org.springframework.security.web.servletapi.SecurityContextHolderAwareRequestFilter.doFilter(SecurityContextHolderAwareRequestFilter.java:181) ~[spring-security-web-7.1.0.jar:7.1.0]
	at org.springframework.security.web.FilterChainProxy$VirtualFilterChain.doFilter(FilterChainProxy.java:385) ~[spring-security-web-7.1.0.jar:7.1.0]
	at org.springframework.security.web.savedrequest.RequestCacheAwareFilter.doFilter(RequestCacheAwareFilter.java:63) ~[spring-security-web-7.1.0.jar:7.1.0]
	at org.springframework.security.web.FilterChainProxy$VirtualFilterChain.doFilter(FilterChainProxy.java:385) ~[spring-security-web-7.1.0.jar:7.1.0]
	at org.springframework.security.web.authentication.AbstractAuthenticationProcessingFilter.doFilter(AbstractAuthenticationProcessingFilter.java:245) ~[spring-security-web-7.1.0.jar:7.1.0]
	at org.springframework.security.web.authentication.AbstractAuthenticationProcessingFilter.doFilter(AbstractAuthenticationProcessingFilter.java:239) ~[spring-security-web-7.1.0.jar:7.1.0]
	at org.springframework.security.web.FilterChainProxy$VirtualFilterChain.doFilter(FilterChainProxy.java:385) ~[spring-security-web-7.1.0.jar:7.1.0]
	at org.springframework.security.web.authentication.logout.LogoutFilter.doFilter(LogoutFilter.java:110) ~[spring-security-web-7.1.0.jar:7.1.0]
	at org.springframework.security.web.authentication.logout.LogoutFilter.doFilter(LogoutFilter.java:96) ~[spring-security-web-7.1.0.jar:7.1.0]
	at org.springframework.security.web.FilterChainProxy$VirtualFilterChain.doFilter(FilterChainProxy.java:385) ~[spring-security-web-7.1.0.jar:7.1.0]
	at org.springframework.security.web.csrf.CsrfFilter.doFilterInternal(CsrfFilter.java:118) ~[spring-security-web-7.1.0.jar:7.1.0]
	at org.springframework.web.filter.OncePerRequestFilter.doFilter(OncePerRequestFilter.java:116) ~[spring-web-7.0.8.jar:7.0.8]
	at org.springframework.security.web.FilterChainProxy$VirtualFilterChain.doFilter(FilterChainProxy.java:385) ~[spring-security-web-7.1.0.jar:7.1.0]
	at org.springframework.security.web.header.HeaderWriterFilter.doHeadersAfter(HeaderWriterFilter.java:90) ~[spring-security-web-7.1.0.jar:7.1.0]
	at org.springframework.security.web.header.HeaderWriterFilter.doFilterInternal(HeaderWriterFilter.java:75) ~[spring-security-web-7.1.0.jar:7.1.0]
	at org.springframework.web.filter.OncePerRequestFilter.doFilter(OncePerRequestFilter.java:116) ~[spring-web-7.0.8.jar:7.0.8]
	at org.springframework.security.web.FilterChainProxy$VirtualFilterChain.doFilter(FilterChainProxy.java:385) ~[spring-security-web-7.1.0.jar:7.1.0]
	at org.springframework.security.web.context.SecurityContextHolderFilter.doFilter(SecurityContextHolderFilter.java:82) ~[spring-security-web-7.1.0.jar:7.1.0]
	at org.springframework.security.web.context.SecurityContextHolderFilter.doFilter(SecurityContextHolderFilter.java:69) ~[spring-security-web-7.1.0.jar:7.1.0]
	at org.springframework.security.web.FilterChainProxy$VirtualFilterChain.doFilter(FilterChainProxy.java:385) ~[spring-security-web-7.1.0.jar:7.1.0]
	at org.springframework.security.web.context.request.async.WebAsyncManagerIntegrationFilter.doFilterInternal(WebAsyncManagerIntegrationFilter.java:62) ~[spring-security-web-7.1.0.jar:7.1.0]
	at org.springframework.web.filter.OncePerRequestFilter.doFilter(OncePerRequestFilter.java:116) ~[spring-web-7.0.8.jar:7.0.8]
	at org.springframework.security.web.FilterChainProxy$VirtualFilterChain.doFilter(FilterChainProxy.java:385) ~[spring-security-web-7.1.0.jar:7.1.0]
	at org.springframework.security.web.session.DisableEncodeUrlFilter.doFilterInternal(DisableEncodeUrlFilter.java:42) ~[spring-security-web-7.1.0.jar:7.1.0]
	at org.springframework.web.filter.OncePerRequestFilter.doFilter(OncePerRequestFilter.java:116) ~[spring-web-7.0.8.jar:7.0.8]
	at org.springframework.security.web.FilterChainProxy$VirtualFilterChain.doFilter(FilterChainProxy.java:385) ~[spring-security-web-7.1.0.jar:7.1.0]
	at org.springframework.security.web.FilterChainProxy.doFilterInternal(FilterChainProxy.java:237) ~[spring-security-web-7.1.0.jar:7.1.0]
	at org.springframework.security.web.FilterChainProxy.doFilter(FilterChainProxy.java:195) ~[spring-security-web-7.1.0.jar:7.1.0]
	at org.springframework.web.filter.CompositeFilter$VirtualFilterChain.doFilter(CompositeFilter.java:113) ~[spring-web-7.0.8.jar:7.0.8]
	at org.springframework.web.filter.ServletRequestPathFilter.doFilter(ServletRequestPathFilter.java:52) ~[spring-web-7.0.8.jar:7.0.8]
	at org.springframework.web.filter.CompositeFilter$VirtualFilterChain.doFilter(CompositeFilter.java:113) ~[spring-web-7.0.8.jar:7.0.8]
	at org.springframework.web.filter.CompositeFilter.doFilter(CompositeFilter.java:74) ~[spring-web-7.0.8.jar:7.0.8]
	at org.springframework.security.config.annotation.web.configuration.WebSecurityConfiguration$CompositeFilterChainProxy.doFilter(WebSecurityConfiguration.java:317) ~[spring-security-config-7.1.0.jar:7.1.0]
	at org.springframework.web.filter.DelegatingFilterProxy.invokeDelegate(DelegatingFilterProxy.java:355) ~[spring-web-7.0.8.jar:7.0.8]
	at org.springframework.web.filter.DelegatingFilterProxy.doFilter(DelegatingFilterProxy.java:272) ~[spring-web-7.0.8.jar:7.0.8]
	at org.apache.catalina.core.ApplicationFilterChain.doFilter(ApplicationFilterChain.java:107) ~[tomcat-embed-core-11.0.22.jar:11.0.22]
	at org.springframework.web.filter.RequestContextFilter.doFilterInternal(RequestContextFilter.java:100) ~[spring-web-7.0.8.jar:7.0.8]
	at org.springframework.web.filter.OncePerRequestFilter.doFilter(OncePerRequestFilter.java:116) ~[spring-web-7.0.8.jar:7.0.8]
	at org.apache.catalina.core.ApplicationFilterChain.doFilter(ApplicationFilterChain.java:107) ~[tomcat-embed-core-11.0.22.jar:11.0.22]
	at org.springframework.web.filter.FormContentFilter.doFilterInternal(FormContentFilter.java:93) ~[spring-web-7.0.8.jar:7.0.8]
	at org.springframework.web.filter.OncePerRequestFilter.doFilter(OncePerRequestFilter.java:116) ~[spring-web-7.0.8.jar:7.0.8]
	at org.apache.catalina.core.ApplicationFilterChain.doFilter(ApplicationFilterChain.java:107) ~[tomcat-embed-core-11.0.22.jar:11.0.22]
	at org.springframework.web.filter.CharacterEncodingFilter.doFilterInternal(CharacterEncodingFilter.java:199) ~[spring-web-7.0.8.jar:7.0.8]
	at org.springframework.web.filter.OncePerRequestFilter.doFilter(OncePerRequestFilter.java:116) ~[spring-web-7.0.8.jar:7.0.8]
	at org.apache.catalina.core.ApplicationFilterChain.doFilter(ApplicationFilterChain.java:107) ~[tomcat-embed-core-11.0.22.jar:11.0.22]
	at org.apache.catalina.core.StandardWrapperValve.invoke(StandardWrapperValve.java:165) ~[tomcat-embed-core-11.0.22.jar:11.0.22]
	at org.apache.catalina.core.StandardContextValve.invoke(StandardContextValve.java:77) ~[tomcat-embed-core-11.0.22.jar:11.0.22]
	at org.apache.catalina.authenticator.AuthenticatorBase.invoke(AuthenticatorBase.java:492) ~[tomcat-embed-core-11.0.22.jar:11.0.22]
	at org.apache.catalina.core.StandardHostValve.invoke(StandardHostValve.java:113) ~[tomcat-embed-core-11.0.22.jar:11.0.22]
	at org.apache.catalina.valves.ErrorReportValve.invoke(ErrorReportValve.java:83) ~[tomcat-embed-core-11.0.22.jar:11.0.22]
	at org.apache.catalina.core.StandardEngineValve.invoke(StandardEngineValve.java:72) ~[tomcat-embed-core-11.0.22.jar:11.0.22]
	at org.apache.catalina.connector.CoyoteAdapter.service(CoyoteAdapter.java:341) ~[tomcat-embed-core-11.0.22.jar:11.0.22]
	at org.apache.coyote.http11.Http11Processor.service(Http11Processor.java:397) ~[tomcat-embed-core-11.0.22.jar:11.0.22]
	at org.apache.coyote.AbstractProcessorLight.process(AbstractProcessorLight.java:63) ~[tomcat-embed-core-11.0.22.jar:11.0.22]
	at org.apache.coyote.AbstractProtocol$ConnectionHandler.process(AbstractProtocol.java:1272) ~[tomcat-embed-core-11.0.22.jar:11.0.22]
	at org.apache.tomcat.util.net.NioEndpoint$SocketProcessor.doRun(NioEndpoint.java:1801) ~[tomcat-embed-core-11.0.22.jar:11.0.22]
	at org.apache.tomcat.util.net.SocketProcessorBase.run(SocketProcessorBase.java:52) ~[tomcat-embed-core-11.0.22.jar:11.0.22]
	at org.apache.tomcat.util.threads.ThreadPoolExecutor.runWorker(ThreadPoolExecutor.java:946) ~[tomcat-embed-core-11.0.22.jar:11.0.22]
	at org.apache.tomcat.util.threads.ThreadPoolExecutor$Worker.run(ThreadPoolExecutor.java:480) ~[tomcat-embed-core-11.0.22.jar:11.0.22]
	at org.apache.tomcat.util.threads.TaskThread$WrappingRunnable.run(TaskThread.java:57) ~[tomcat-embed-core-11.0.22.jar:11.0.22]
	at java.base/java.lang.Thread.run(Thread.java:840) ~[na:na]
Caused by: org.attoparser.ParseException: Error during execution of processor 'org.thymeleaf.standard.processor.StandardEachTagProcessor' (template: "leave/apply" - line 106, col 45)
	at org.attoparser.MarkupParser.parseDocument(MarkupParser.java:393) ~[attoparser-2.0.7.RELEASE.jar:2.0.7.RELEASE]
	at org.attoparser.MarkupParser.parse(MarkupParser.java:257) ~[attoparser-2.0.7.RELEASE.jar:2.0.7.RELEASE]
	at org.thymeleaf.templateparser.markup.AbstractMarkupTemplateParser.parse(AbstractMarkupTemplateParser.java:230) ~[thymeleaf-3.1.5.RELEASE.jar:3.1.5.RELEASE]
	... 92 common frames omitted
Caused by: org.thymeleaf.exceptions.TemplateProcessingException: Error during execution of processor 'org.thymeleaf.standard.processor.StandardEachTagProcessor' (template: "leave/apply" - line 106, col 45)
	at org.thymeleaf.processor.element.AbstractAttributeTagProcessor.doProcess(AbstractAttributeTagProcessor.java:117) ~[thymeleaf-3.1.5.RELEASE.jar:3.1.5.RELEASE]
	at org.thymeleaf.processor.element.AbstractElementTagProcessor.process(AbstractElementTagProcessor.java:95) ~[thymeleaf-3.1.5.RELEASE.jar:3.1.5.RELEASE]
	at org.thymeleaf.util.ProcessorConfigurationUtils$ElementTagProcessorWrapper.process(ProcessorConfigurationUtils.java:633) ~[thymeleaf-3.1.5.RELEASE.jar:3.1.5.RELEASE]
	at org.thymeleaf.engine.ProcessorTemplateHandler.handleOpenElement(ProcessorTemplateHandler.java:1314) ~[thymeleaf-3.1.5.RELEASE.jar:3.1.5.RELEASE]
	at org.thymeleaf.engine.TemplateHandlerAdapterMarkupHandler.handleOpenElementEnd(TemplateHandlerAdapterMarkupHandler.java:304) ~[thymeleaf-3.1.5.RELEASE.jar:3.1.5.RELEASE]
	at org.thymeleaf.templateparser.markup.InlinedOutputExpressionMarkupHandler$InlineMarkupAdapterPreProcessorHandler.handleOpenElementEnd(InlinedOutputExpressionMarkupHandler.java:278) ~[thymeleaf-3.1.5.RELEASE.jar:3.1.5.RELEASE]
	at org.thymeleaf.standard.inline.OutputExpressionInlinePreProcessorHandler.handleOpenElementEnd(OutputExpressionInlinePreProcessorHandler.java:186) ~[thymeleaf-3.1.5.RELEASE.jar:3.1.5.RELEASE]
	at org.thymeleaf.templateparser.markup.InlinedOutputExpressionMarkupHandler.handleOpenElementEnd(InlinedOutputExpressionMarkupHandler.java:124) ~[thymeleaf-3.1.5.RELEASE.jar:3.1.5.RELEASE]
	at org.attoparser.HtmlElement.handleOpenElementEnd(HtmlElement.java:109) ~[attoparser-2.0.7.RELEASE.jar:2.0.7.RELEASE]
	at org.attoparser.HtmlMarkupHandler.handleOpenElementEnd(HtmlMarkupHandler.java:297) ~[attoparser-2.0.7.RELEASE.jar:2.0.7.RELEASE]
	at org.attoparser.MarkupEventProcessorHandler.handleOpenElementEnd(MarkupEventProcessorHandler.java:402) ~[attoparser-2.0.7.RELEASE.jar:2.0.7.RELEASE]
	at org.attoparser.ParsingElementMarkupUtil.parseOpenElement(ParsingElementMarkupUtil.java:159) ~[attoparser-2.0.7.RELEASE.jar:2.0.7.RELEASE]
	at org.attoparser.MarkupParser.parseBuffer(MarkupParser.java:710) ~[attoparser-2.0.7.RELEASE.jar:2.0.7.RELEASE]
	at org.attoparser.MarkupParser.parseDocument(MarkupParser.java:301) ~[attoparser-2.0.7.RELEASE.jar:2.0.7.RELEASE]
	... 94 common frames omitted
Caused by: java.lang.IllegalArgumentException: Iteration variable cannot be null
	at org.thymeleaf.util.Validate.notNull(Validate.java:37) ~[thymeleaf-3.1.5.RELEASE.jar:3.1.5.RELEASE]
	at org.thymeleaf.standard.expression.Each.<init>(Each.java:49) ~[thymeleaf-3.1.5.RELEASE.jar:3.1.5.RELEASE]
	at org.thymeleaf.standard.expression.EachUtils.composeEach(EachUtils.java:169) ~[thymeleaf-3.1.5.RELEASE.jar:3.1.5.RELEASE]
	at org.thymeleaf.standard.expression.EachUtils.internalParseEach(EachUtils.java:94) ~[thymeleaf-3.1.5.RELEASE.jar:3.1.5.RELEASE]
	at org.thymeleaf.standard.expression.EachUtils.parseEach(EachUtils.java:65) ~[thymeleaf-3.1.5.RELEASE.jar:3.1.5.RELEASE]
	at org.thymeleaf.standard.processor.StandardEachTagProcessor.doProcess(StandardEachTagProcessor.java:59) ~[thymeleaf-3.1.5.RELEASE.jar:3.1.5.RELEASE]
	at org.thymeleaf.processor.element.AbstractAttributeTagProcessor.doProcess(AbstractAttributeTagProcessor.java:74) ~[thymeleaf-3.1.5.RELEASE.jar:3.1.5.RELEASE]
	... 107 common frames omitted

2026-08-07T15:11:40.130+05:30 ERROR 24648 --- [employee-management-system] [http-nio-8888-exec-1] o.a.c.c.C.[.[.[/].[dispatcherServlet]    : Servlet.service() for servlet [dispatcherServlet] in context with path [] threw exception [Request processing failed: org.thymeleaf.exceptions.TemplateInputException: An error happened during template parsing (template: "class path resource [templates/leave/apply.html]")] with root cause

java.lang.IllegalArgumentException: Iteration variable cannot be null
	at org.thymeleaf.util.Validate.notNull(Validate.java:37) ~[thymeleaf-3.1.5.RELEASE.jar:3.1.5.RELEASE]
	at org.thymeleaf.standard.expression.Each.<init>(Each.java:49) ~[thymeleaf-3.1.5.RELEASE.jar:3.1.5.RELEASE]
	at org.thymeleaf.standard.expression.EachUtils.composeEach(EachUtils.java:169) ~[thymeleaf-3.1.5.RELEASE.jar:3.1.5.RELEASE]
	at org.thymeleaf.standard.expression.EachUtils.internalParseEach(EachUtils.java:94) ~[thymeleaf-3.1.5.RELEASE.jar:3.1.5.RELEASE]
	at org.thymeleaf.standard.expression.EachUtils.parseEach(EachUtils.java:65) ~[thymeleaf-3.1.5.RELEASE.jar:3.1.5.RELEASE]
	at org.thymeleaf.standard.processor.StandardEachTagProcessor.doProcess(StandardEachTagProcessor.java:59) ~[thymeleaf-3.1.5.RELEASE.jar:3.1.5.RELEASE]
	at org.thymeleaf.processor.element.AbstractAttributeTagProcessor.doProcess(AbstractAttributeTagProcessor.java:74) ~[thymeleaf-3.1.5.RELEASE.jar:3.1.5.RELEASE]
	at org.thymeleaf.processor.element.AbstractElementTagProcessor.process(AbstractElementTagProcessor.java:95) ~[thymeleaf-3.1.5.RELEASE.jar:3.1.5.RELEASE]
	at org.thymeleaf.util.ProcessorConfigurationUtils$ElementTagProcessorWrapper.process(ProcessorConfigurationUtils.java:633) ~[thymeleaf-3.1.5.RELEASE.jar:3.1.5.RELEASE]
	at org.thymeleaf.engine.ProcessorTemplateHandler.handleOpenElement(ProcessorTemplateHandler.java:1314) ~[thymeleaf-3.1.5.RELEASE.jar:3.1.5.RELEASE]
	at org.thymeleaf.engine.TemplateHandlerAdapterMarkupHandler.handleOpenElementEnd(TemplateHandlerAdapterMarkupHandler.java:304) ~[thymeleaf-3.1.5.RELEASE.jar:3.1.5.RELEASE]
	at org.thymeleaf.templateparser.markup.InlinedOutputExpressionMarkupHandler$InlineMarkupAdapterPreProcessorHandler.handleOpenElementEnd(InlinedOutputExpressionMarkupHandler.java:278) ~[thymeleaf-3.1.5.RELEASE.jar:3.1.5.RELEASE]
	at org.thymeleaf.standard.inline.OutputExpressionInlinePreProcessorHandler.handleOpenElementEnd(OutputExpressionInlinePreProcessorHandler.java:186) ~[thymeleaf-3.1.5.RELEASE.jar:3.1.5.RELEASE]
	at org.thymeleaf.templateparser.markup.InlinedOutputExpressionMarkupHandler.handleOpenElementEnd(InlinedOutputExpressionMarkupHandler.java:124) ~[thymeleaf-3.1.5.RELEASE.jar:3.1.5.RELEASE]
	at org.attoparser.HtmlElement.handleOpenElementEnd(HtmlElement.java:109) ~[attoparser-2.0.7.RELEASE.jar:2.0.7.RELEASE]
	at org.attoparser.HtmlMarkupHandler.handleOpenElementEnd(HtmlMarkupHandler.java:297) ~[attoparser-2.0.7.RELEASE.jar:2.0.7.RELEASE]
	at org.attoparser.MarkupEventProcessorHandler.handleOpenElementEnd(MarkupEventProcessorHandler.java:402) ~[attoparser-2.0.7.RELEASE.jar:2.0.7.RELEASE]
	at org.attoparser.ParsingElementMarkupUtil.parseOpenElement(ParsingElementMarkupUtil.java:159) ~[attoparser-2.0.7.RELEASE.jar:2.0.7.RELEASE]
	at org.attoparser.MarkupParser.parseBuffer(MarkupParser.java:710) ~[attoparser-2.0.7.RELEASE.jar:2.0.7.RELEASE]
	at org.attoparser.MarkupParser.parseDocument(MarkupParser.java:301) ~[attoparser-2.0.7.RELEASE.jar:2.0.7.RELEASE]
	at org.attoparser.MarkupParser.parse(MarkupParser.java:257) ~[attoparser-2.0.7.RELEASE.jar:2.0.7.RELEASE]
	at org.thymeleaf.templateparser.markup.AbstractMarkupTemplateParser.parse(AbstractMarkupTemplateParser.java:230) ~[thymeleaf-3.1.5.RELEASE.jar:3.1.5.RELEASE]
	at org.thymeleaf.templateparser.markup.AbstractMarkupTemplateParser.parseStandalone(AbstractMarkupTemplateParser.java:100) ~[thymeleaf-3.1.5.RELEASE.jar:3.1.5.RELEASE]
	at org.thymeleaf.engine.TemplateManager.parseAndProcess(TemplateManager.java:666) ~[thymeleaf-3.1.5.RELEASE.jar:3.1.5.RELEASE]
	at org.thymeleaf.TemplateEngine.process(TemplateEngine.java:1103) ~[thymeleaf-3.1.5.RELEASE.jar:3.1.5.RELEASE]
	at org.thymeleaf.TemplateEngine.process(TemplateEngine.java:1077) ~[thymeleaf-3.1.5.RELEASE.jar:3.1.5.RELEASE]
	at org.thymeleaf.spring6.view.ThymeleafView.renderFragment(ThymeleafView.java:374) ~[thymeleaf-spring6-3.1.5.RELEASE.jar:3.1.5.RELEASE]
	at org.thymeleaf.spring6.view.ThymeleafView.render(ThymeleafView.java:193) ~[thymeleaf-spring6-3.1.5.RELEASE.jar:3.1.5.RELEASE]
	at org.springframework.web.servlet.DispatcherServlet.render(DispatcherServlet.java:1305) ~[spring-webmvc-7.0.8.jar:7.0.8]
	at org.springframework.web.servlet.DispatcherServlet.processDispatchResult(DispatcherServlet.java:1042) ~[spring-webmvc-7.0.8.jar:7.0.8]
	at org.springframework.web.servlet.DispatcherServlet.doDispatch(DispatcherServlet.java:980) ~[spring-webmvc-7.0.8.jar:7.0.8]
	at org.springframework.web.servlet.DispatcherServlet.doService(DispatcherServlet.java:866) ~[spring-webmvc-7.0.8.jar:7.0.8]
	at org.springframework.web.servlet.FrameworkServlet.processRequest(FrameworkServlet.java:1000) ~[spring-webmvc-7.0.8.jar:7.0.8]
	at org.springframework.web.servlet.FrameworkServlet.doGet(FrameworkServlet.java:892) ~[spring-webmvc-7.0.8.jar:7.0.8]
	at jakarta.servlet.http.HttpServlet.service(HttpServlet.java:622) ~[tomcat-embed-core-11.0.22.jar:6.1]
	at org.springframework.web.servlet.FrameworkServlet.service(FrameworkServlet.java:874) ~[spring-webmvc-7.0.8.jar:7.0.8]
	at jakarta.servlet.http.HttpServlet.service(HttpServlet.java:710) ~[tomcat-embed-core-11.0.22.jar:6.1]
	at org.apache.catalina.core.ApplicationFilterChain.doFilter(ApplicationFilterChain.java:128) ~[tomcat-embed-core-11.0.22.jar:11.0.22]
	at org.apache.tomcat.websocket.server.WsFilter.doFilter(WsFilter.java:53) ~[tomcat-embed-websocket-11.0.22.jar:11.0.22]
	at org.apache.catalina.core.ApplicationFilterChain.doFilter(ApplicationFilterChain.java:107) ~[tomcat-embed-core-11.0.22.jar:11.0.22]
	at org.springframework.web.filter.CompositeFilter$VirtualFilterChain.doFilter(CompositeFilter.java:108) ~[spring-web-7.0.8.jar:7.0.8]
	at org.springframework.security.web.FilterChainProxy.lambda$doFilterInternal$2(FilterChainProxy.java:235) ~[spring-security-web-7.1.0.jar:7.1.0]
	at org.springframework.security.web.FilterChainProxy$VirtualFilterChain.doFilter(FilterChainProxy.java:376) ~[spring-security-web-7.1.0.jar:7.1.0]
	at org.springframework.security.web.access.intercept.AuthorizationFilter.doFilter(AuthorizationFilter.java:101) ~[spring-security-web-7.1.0.jar:7.1.0]
	at org.springframework.security.web.FilterChainProxy$VirtualFilterChain.doFilter(FilterChainProxy.java:385) ~[spring-security-web-7.1.0.jar:7.1.0]
	at org.springframework.security.web.access.ExceptionTranslationFilter.doFilter(ExceptionTranslationFilter.java:126) ~[spring-security-web-7.1.0.jar:7.1.0]
	at org.springframework.security.web.access.ExceptionTranslationFilter.doFilter(ExceptionTranslationFilter.java:120) ~[spring-security-web-7.1.0.jar:7.1.0]
	at org.springframework.security.web.FilterChainProxy$VirtualFilterChain.doFilter(FilterChainProxy.java:385) ~[spring-security-web-7.1.0.jar:7.1.0]
	at org.springframework.security.web.authentication.AnonymousAuthenticationFilter.doFilter(AnonymousAuthenticationFilter.java:100) ~[spring-security-web-7.1.0.jar:7.1.0]
	at org.springframework.security.web.FilterChainProxy$VirtualFilterChain.doFilter(FilterChainProxy.java:385) ~[spring-security-web-7.1.0.jar:7.1.0]
	at org.springframework.security.web.authentication.rememberme.RememberMeAuthenticationFilter.doFilter(RememberMeAuthenticationFilter.java:115) ~[spring-security-web-7.1.0.jar:7.1.0]
	at org.springframework.security.web.authentication.rememberme.RememberMeAuthenticationFilter.doFilter(RememberMeAuthenticationFilter.java:106) ~[spring-security-web-7.1.0.jar:7.1.0]
	at org.springframework.security.web.FilterChainProxy$VirtualFilterChain.doFilter(FilterChainProxy.java:385) ~[spring-security-web-7.1.0.jar:7.1.0]
	at org.springframework.security.web.servletapi.SecurityContextHolderAwareRequestFilter.doFilter(SecurityContextHolderAwareRequestFilter.java:181) ~[spring-security-web-7.1.0.jar:7.1.0]
	at org.springframework.security.web.FilterChainProxy$VirtualFilterChain.doFilter(FilterChainProxy.java:385) ~[spring-security-web-7.1.0.jar:7.1.0]
	at org.springframework.security.web.savedrequest.RequestCacheAwareFilter.doFilter(RequestCacheAwareFilter.java:63) ~[spring-security-web-7.1.0.jar:7.1.0]
	at org.springframework.security.web.FilterChainProxy$VirtualFilterChain.doFilter(FilterChainProxy.java:385) ~[spring-security-web-7.1.0.jar:7.1.0]
	at org.springframework.security.web.authentication.AbstractAuthenticationProcessingFilter.doFilter(AbstractAuthenticationProcessingFilter.java:245) ~[spring-security-web-7.1.0.jar:7.1.0]
	at org.springframework.security.web.authentication.AbstractAuthenticationProcessingFilter.doFilter(AbstractAuthenticationProcessingFilter.java:239) ~[spring-security-web-7.1.0.jar:7.1.0]
	at org.springframework.security.web.FilterChainProxy$VirtualFilterChain.doFilter(FilterChainProxy.java:385) ~[spring-security-web-7.1.0.jar:7.1.0]
	at org.springframework.security.web.authentication.logout.LogoutFilter.doFilter(LogoutFilter.java:110) ~[spring-security-web-7.1.0.jar:7.1.0]
	at org.springframework.security.web.authentication.logout.LogoutFilter.doFilter(LogoutFilter.java:96) ~[spring-security-web-7.1.0.jar:7.1.0]
	at org.springframework.security.web.FilterChainProxy$VirtualFilterChain.doFilter(FilterChainProxy.java:385) ~[spring-security-web-7.1.0.jar:7.1.0]
	at org.springframework.security.web.csrf.CsrfFilter.doFilterInternal(CsrfFilter.java:118) ~[spring-security-web-7.1.0.jar:7.1.0]
	at org.springframework.web.filter.OncePerRequestFilter.doFilter(OncePerRequestFilter.java:116) ~[spring-web-7.0.8.jar:7.0.8]
	at org.springframework.security.web.FilterChainProxy$VirtualFilterChain.doFilter(FilterChainProxy.java:385) ~[spring-security-web-7.1.0.jar:7.1.0]
	at org.springframework.security.web.header.HeaderWriterFilter.doHeadersAfter(HeaderWriterFilter.java:90) ~[spring-security-web-7.1.0.jar:7.1.0]
	at org.springframework.security.web.header.HeaderWriterFilter.doFilterInternal(HeaderWriterFilter.java:75) ~[spring-security-web-7.1.0.jar:7.1.0]
	at org.springframework.web.filter.OncePerRequestFilter.doFilter(OncePerRequestFilter.java:116) ~[spring-web-7.0.8.jar:7.0.8]
	at org.springframework.security.web.FilterChainProxy$VirtualFilterChain.doFilter(FilterChainProxy.java:385) ~[spring-security-web-7.1.0.jar:7.1.0]
	at org.springframework.security.web.context.SecurityContextHolderFilter.doFilter(SecurityContextHolderFilter.java:82) ~[spring-security-web-7.1.0.jar:7.1.0]
	at org.springframework.security.web.context.SecurityContextHolderFilter.doFilter(SecurityContextHolderFilter.java:69) ~[spring-security-web-7.1.0.jar:7.1.0]
	at org.springframework.security.web.FilterChainProxy$VirtualFilterChain.doFilter(FilterChainProxy.java:385) ~[spring-security-web-7.1.0.jar:7.1.0]
	at org.springframework.security.web.context.request.async.WebAsyncManagerIntegrationFilter.doFilterInternal(WebAsyncManagerIntegrationFilter.java:62) ~[spring-security-web-7.1.0.jar:7.1.0]
	at org.springframework.web.filter.OncePerRequestFilter.doFilter(OncePerRequestFilter.java:116) ~[spring-web-7.0.8.jar:7.0.8]
	at org.springframework.security.web.FilterChainProxy$VirtualFilterChain.doFilter(FilterChainProxy.java:385) ~[spring-security-web-7.1.0.jar:7.1.0]
	at org.springframework.security.web.session.DisableEncodeUrlFilter.doFilterInternal(DisableEncodeUrlFilter.java:42) ~[spring-security-web-7.1.0.jar:7.1.0]
	at org.springframework.web.filter.OncePerRequestFilter.doFilter(OncePerRequestFilter.java:116) ~[spring-web-7.0.8.jar:7.0.8]
	at org.springframework.security.web.FilterChainProxy$VirtualFilterChain.doFilter(FilterChainProxy.java:385) ~[spring-security-web-7.1.0.jar:7.1.0]
	at org.springframework.security.web.FilterChainProxy.doFilterInternal(FilterChainProxy.java:237) ~[spring-security-web-7.1.0.jar:7.1.0]
	at org.springframework.security.web.FilterChainProxy.doFilter(FilterChainProxy.java:195) ~[spring-security-web-7.1.0.jar:7.1.0]
	at org.springframework.web.filter.CompositeFilter$VirtualFilterChain.doFilter(CompositeFilter.java:113) ~[spring-web-7.0.8.jar:7.0.8]
	at org.springframework.web.filter.ServletRequestPathFilter.doFilter(ServletRequestPathFilter.java:52) ~[spring-web-7.0.8.jar:7.0.8]
	at org.springframework.web.filter.CompositeFilter$VirtualFilterChain.doFilter(CompositeFilter.java:113) ~[spring-web-7.0.8.jar:7.0.8]
	at org.springframework.web.filter.CompositeFilter.doFilter(CompositeFilter.java:74) ~[spring-web-7.0.8.jar:7.0.8]
	at org.springframework.security.config.annotation.web.configuration.WebSecurityConfiguration$CompositeFilterChainProxy.doFilter(WebSecurityConfiguration.java:317) ~[spring-security-config-7.1.0.jar:7.1.0]
	at org.springframework.web.filter.DelegatingFilterProxy.invokeDelegate(DelegatingFilterProxy.java:355) ~[spring-web-7.0.8.jar:7.0.8]
	at org.springframework.web.filter.DelegatingFilterProxy.doFilter(DelegatingFilterProxy.java:272) ~[spring-web-7.0.8.jar:7.0.8]
	at org.apache.catalina.core.ApplicationFilterChain.doFilter(ApplicationFilterChain.java:107) ~[tomcat-embed-core-11.0.22.jar:11.0.22]
	at org.springframework.web.filter.RequestContextFilter.doFilterInternal(RequestContextFilter.java:100) ~[spring-web-7.0.8.jar:7.0.8]
	at org.springframework.web.filter.OncePerRequestFilter.doFilter(OncePerRequestFilter.java:116) ~[spring-web-7.0.8.jar:7.0.8]
	at org.apache.catalina.core.ApplicationFilterChain.doFilter(ApplicationFilterChain.java:107) ~[tomcat-embed-core-11.0.22.jar:11.0.22]
	at org.springframework.web.filter.FormContentFilter.doFilterInternal(FormContentFilter.java:93) ~[spring-web-7.0.8.jar:7.0.8]
	at org.springframework.web.filter.OncePerRequestFilter.doFilter(OncePerRequestFilter.java:116) ~[spring-web-7.0.8.jar:7.0.8]
	at org.apache.catalina.core.ApplicationFilterChain.doFilter(ApplicationFilterChain.java:107) ~[tomcat-embed-core-11.0.22.jar:11.0.22]
	at org.springframework.web.filter.CharacterEncodingFilter.doFilterInternal(CharacterEncodingFilter.java:199) ~[spring-web-7.0.8.jar:7.0.8]
	at org.springframework.web.filter.OncePerRequestFilter.doFilter(OncePerRequestFilter.java:116) ~[spring-web-7.0.8.jar:7.0.8]
	at org.apache.catalina.core.ApplicationFilterChain.doFilter(ApplicationFilterChain.java:107) ~[tomcat-embed-core-11.0.22.jar:11.0.22]
	at org.apache.catalina.core.StandardWrapperValve.invoke(StandardWrapperValve.java:165) ~[tomcat-embed-core-11.0.22.jar:11.0.22]
	at org.apache.catalina.core.StandardContextValve.invoke(StandardContextValve.java:77) ~[tomcat-embed-core-11.0.22.jar:11.0.22]
	at org.apache.catalina.authenticator.AuthenticatorBase.invoke(AuthenticatorBase.java:492) ~[tomcat-embed-core-11.0.22.jar:11.0.22]
	at org.apache.catalina.core.StandardHostValve.invoke(StandardHostValve.java:113) ~[tomcat-embed-core-11.0.22.jar:11.0.22]
	at org.apache.catalina.valves.ErrorReportValve.invoke(ErrorReportValve.java:83) ~[tomcat-embed-core-11.0.22.jar:11.0.22]
	at org.apache.catalina.core.StandardEngineValve.invoke(StandardEngineValve.java:72) ~[tomcat-embed-core-11.0.22.jar:11.0.22]
	at org.apache.catalina.connector.CoyoteAdapter.service(CoyoteAdapter.java:341) ~[tomcat-embed-core-11.0.22.jar:11.0.22]
	at org.apache.coyote.http11.Http11Processor.service(Http11Processor.java:397) ~[tomcat-embed-core-11.0.22.jar:11.0.22]
	at org.apache.coyote.AbstractProcessorLight.process(AbstractProcessorLight.java:63) ~[tomcat-embed-core-11.0.22.jar:11.0.22]
	at org.apache.coyote.AbstractProtocol$ConnectionHandler.process(AbstractProtocol.java:1272) ~[tomcat-embed-core-11.0.22.jar:11.0.22]
	at org.apache.tomcat.util.net.NioEndpoint$SocketProcessor.doRun(NioEndpoint.java:1801) ~[tomcat-embed-core-11.0.22.jar:11.0.22]
	at org.apache.tomcat.util.net.SocketProcessorBase.run(SocketProcessorBase.java:52) ~[tomcat-embed-core-11.0.22.jar:11.0.22]
	at org.apache.tomcat.util.threads.ThreadPoolExecutor.runWorker(ThreadPoolExecutor.java:946) ~[tomcat-embed-core-11.0.22.jar:11.0.22]
	at org.apache.tomcat.util.threads.ThreadPoolExecutor$Worker.run(ThreadPoolExecutor.java:480) ~[tomcat-embed-core-11.0.22.jar:11.0.22]
	at org.apache.tomcat.util.threads.TaskThread$WrappingRunnable.run(TaskThread.java:57) ~[tomcat-embed-core-11.0.22.jar:11.0.22]
	at java.base/java.lang.Thread.run(Thread.java:840) ~[na:na]

2026-08-07T15:11:40.413+05:30  WARN 24648 --- [employee-management-system] [http-nio-8888-exec-9] c.ems.exception.GlobalExceptionHandler   : Static resource not found: favicon.ico
2026-08-07T15:11:40.414+05:30  WARN 24648 --- [employee-management-system] [http-nio-8888-exec-9] .m.m.a.ExceptionHandlerExceptionResolver : Resolved [org.springframework.web.servlet.resource.NoResourceFoundException: No static resource favicon.ico for request '/favicon.ico'.]
2026-08-07T15:11:42.626+05:30  WARN 24648 --- [employee-management-system] [http-nio-8888-exec-10] c.ems.exception.GlobalExceptionHandler   : Static resource not found: favicon.ico
2026-08-07T15:11:42.631+05:30  WARN 24648 --- [employee-management-system] [http-nio-8888-exec-10] .m.m.a.ExceptionHandlerExceptionResolver : Resolved [org.springframework.web.servlet.resource.NoResourceFoundException: No static resource favicon.ico for request '/favicon.ico'.]
2026-08-07T15:11:45.200+05:30  WARN 24648 --- [employee-management-system] [http-nio-8888-exec-1] c.ems.exception.GlobalExceptionHandler   : Static resource not found: favicon.ico
2026-08-07T15:11:45.203+05:30  WARN 24648 --- [employee-management-system] [http-nio-8888-exec-1] .m.m.a.ExceptionHandlerExceptionResolver : Resolved [org.springframework.web.servlet.resource.NoResourceFoundException: No static resource favicon.ico for request '/favicon.ico'.]
2026-08-07T15:11:47.409+05:30  WARN 24648 --- [employee-management-system] [http-nio-8888-exec-7] c.ems.exception.GlobalExceptionHandler   : Static resource not found: favicon.ico
2026-08-07T15:11:47.413+05:30  WARN 24648 --- [employee-management-system] [http-nio-8888-exec-7] .m.m.a.ExceptionHandlerExceptionResolver : Resolved [org.springframework.web.servlet.resource.NoResourceFoundException: No static resource favicon.ico for request '/favicon.ico'.]
2026-08-07T15:11:48.462+05:30  WARN 24648 --- [employee-management-system] [http-nio-8888-exec-2] c.ems.exception.GlobalExceptionHandler   : Static resource not found: favicon.ico
2026-08-07T15:11:48.467+05:30  WARN 24648 --- [employee-management-system] [http-nio-8888-exec-2] .m.m.a.ExceptionHandlerExceptionResolver : Resolved [org.springframework.web.servlet.resource.NoResourceFoundException: No static resource favicon.ico for request '/favicon.ico'.]
2026-08-07T15:12:08.879+05:30  WARN 24648 --- [employee-management-system] [http-nio-8888-exec-6] c.ems.exception.GlobalExceptionHandler   : Static resource not found: favicon.ico
2026-08-07T15:12:08.882+05:30  WARN 24648 --- [employee-management-system] [http-nio-8888-exec-6] .m.m.a.ExceptionHandlerExceptionResolver : Resolved [org.springframework.web.servlet.resource.NoResourceFoundException: No static resource favicon.ico for request '/favicon.ico'.]
2026-08-07T15:12:20.939+05:30  WARN 24648 --- [employee-management-system] [http-nio-8888-exec-9] c.ems.exception.GlobalExceptionHandler   : Static resource not found: favicon.ico
2026-08-07T15:12:20.944+05:30  WARN 24648 --- [employee-management-system] [http-nio-8888-exec-9] .m.m.a.ExceptionHandlerExceptionResolver : Resolved [org.springframework.web.servlet.resource.NoResourceFoundException: No static resource favicon.ico for request '/favicon.ico'.]
2026-08-07T15:12:23.079+05:30  WARN 24648 --- [employee-management-system] [http-nio-8888-exec-5] c.ems.exception.GlobalExceptionHandler   : Static resource not found: favicon.ico
2026-08-07T15:12:23.089+05:30  WARN 24648 --- [employee-management-system] [http-nio-8888-exec-5] .m.m.a.ExceptionHandlerExceptionResolver : Resolved [org.springframework.web.servlet.resource.NoResourceFoundException: No static resource favicon.ico for request '/favicon.ico'.]
2026-08-07T15:12:23.945+05:30  WARN 24648 --- [employee-management-system] [http-nio-8888-exec-2] c.ems.exception.GlobalExceptionHandler   : Static resource not found: favicon.ico
2026-08-07T15:12:23.947+05:30  WARN 24648 --- [employee-management-system] [http-nio-8888-exec-2] .m.m.a.ExceptionHandlerExceptionResolver : Resolved [org.springframework.web.servlet.resource.NoResourceFoundException: No static resource favicon.ico for request '/favicon.ico'.]
2026-08-07T15:12:24.988+05:30  WARN 24648 --- [employee-management-system] [http-nio-8888-exec-8] c.ems.exception.GlobalExceptionHandler   : Static resource not found: favicon.ico
2026-08-07T15:12:24.989+05:30  WARN 24648 --- [employee-management-system] [http-nio-8888-exec-8] .m.m.a.ExceptionHandlerExceptionResolver : Resolved [org.springframework.web.servlet.resource.NoResourceFoundException: No static resource favicon.ico for request '/favicon.ico'.]
2026-08-07T15:12:26.331+05:30  WARN 24648 --- [employee-management-system] [http-nio-8888-exec-5] c.ems.exception.GlobalExceptionHandler   : Static resource not found: favicon.ico
2026-08-07T15:12:26.331+05:30  WARN 24648 --- [employee-management-system] [http-nio-8888-exec-5] .m.m.a.ExceptionHandlerExceptionResolver : Resolved [org.springframework.web.servlet.resource.NoResourceFoundException: No static resource favicon.ico for request '/favicon.ico'.]
2026-08-07T15:12:27.299+05:30  WARN 24648 --- [employee-management-system] [http-nio-8888-exec-2] c.ems.exception.GlobalExceptionHandler   : Static resource not found: favicon.ico
2026-08-07T15:12:27.309+05:30  WARN 24648 --- [employee-management-system] [http-nio-8888-exec-2] .m.m.a.ExceptionHandlerExceptionResolver : Resolved [org.springframework.web.servlet.resource.NoResourceFoundException: No static resource favicon.ico for request '/favicon.ico'.]
2026-08-07T15:12:28.037+05:30  WARN 24648 --- [employee-management-system] [http-nio-8888-exec-8] c.ems.exception.GlobalExceptionHandler   : Static resource not found: favicon.ico
2026-08-07T15:12:28.039+05:30  WARN 24648 --- [employee-management-system] [http-nio-8888-exec-8] .m.m.a.ExceptionHandlerExceptionResolver : Resolved [org.springframework.web.servlet.resource.NoResourceFoundException: No static resource favicon.ico for request '/favicon.ico'.]
2026-08-07T15:12:28.682+05:30  WARN 24648 --- [employee-management-system] [http-nio-8888-exec-5] c.ems.exception.GlobalExceptionHandler   : Static resource not found: favicon.ico
2026-08-07T15:12:28.682+05:30  WARN 24648 --- [employee-management-system] [http-nio-8888-exec-5] .m.m.a.ExceptionHandlerExceptionResolver : Resolved [org.springframework.web.servlet.resource.NoResourceFoundException: No static resource favicon.ico for request '/favicon.ico'.]
2026-08-07T15:12:35.382+05:30  WARN 24648 --- [employee-management-system] [http-nio-8888-exec-7] c.ems.exception.GlobalExceptionHandler   : Static resource not found: favicon.ico
2026-08-07T15:12:35.382+05:30  WARN 24648 --- [employee-management-system] [http-nio-8888-exec-7] .m.m.a.ExceptionHandlerExceptionResolver : Resolved [org.springframework.web.servlet.resource.NoResourceFoundException: No static resource favicon.ico for request '/favicon.ico'.]
2026-08-07T15:12:37.499+05:30  WARN 24648 --- [employee-management-system] [http-nio-8888-exec-8] c.ems.exception.GlobalExceptionHandler   : Static resource not found: favicon.ico
2026-08-07T15:12:37.501+05:30  WARN 24648 --- [employee-management-system] [http-nio-8888-exec-8] .m.m.a.ExceptionHandlerExceptionResolver : Resolved [org.springframework.web.servlet.resource.NoResourceFoundException: No static resource favicon.ico for request '/favicon.ico'.]
2026-08-07T15:12:38.899+05:30  WARN 24648 --- [employee-management-system] [http-nio-8888-exec-4] c.ems.exception.GlobalExceptionHandler   : Static resource not found: favicon.ico
2026-08-07T15:12:38.899+05:30  WARN 24648 --- [employee-management-system] [http-nio-8888-exec-4] .m.m.a.ExceptionHandlerExceptionResolver : Resolved [org.springframework.web.servlet.resource.NoResourceFoundException: No static resource favicon.ico for request '/favicon.ico'.]
2026-08-07T15:12:42.393+05:30  WARN 24648 --- [employee-management-system] [http-nio-8888-exec-6] c.ems.exception.GlobalExceptionHandler   : Static resource not found: favicon.ico
2026-08-07T15:12:42.393+05:30  WARN 24648 --- [employee-management-system] [http-nio-8888-exec-6] .m.m.a.ExceptionHandlerExceptionResolver : Resolved [org.springframework.web.servlet.resource.NoResourceFoundException: No static resource favicon.ico for request '/favicon.ico'.]
2026-08-07T15:16:25.802+05:30  WARN 24648 --- [employee-management-system] [http-nio-8888-exec-2] c.ems.exception.GlobalExceptionHandler   : Static resource not found: favicon.ico
2026-08-07T15:16:25.810+05:30  WARN 24648 --- [employee-management-system] [http-nio-8888-exec-2] .m.m.a.ExceptionHandlerExceptionResolver : Resolved [org.springframework.web.servlet.resource.NoResourceFoundException: No static resource favicon.ico for request '/favicon.ico'.]
2026-08-07T15:16:28.391+05:30  INFO 24648 --- [employee-management-system] [http-nio-8888-exec-10] c.e.service.impl.AttendanceServiceImpl   : Check-in recorded for employee ID 4 on 2026-08-07 (Late: true)
2026-08-07T15:16:28.640+05:30  WARN 24648 --- [employee-management-system] [http-nio-8888-exec-9] c.ems.exception.GlobalExceptionHandler   : Static resource not found: favicon.ico
2026-08-07T15:16:28.645+05:30  WARN 24648 --- [employee-management-system] [http-nio-8888-exec-9] .m.m.a.ExceptionHandlerExceptionResolver : Resolved [org.springframework.web.servlet.resource.NoResourceFoundException: No static resource favicon.ico for request '/favicon.ico'.]
2026-08-07T15:16:31.810+05:30  INFO 24648 --- [employee-management-system] [http-nio-8888-exec-2] c.e.service.impl.AttendanceServiceImpl   : Check-out recorded for employee ID 4 on 2026-08-07
2026-08-07T15:16:32.040+05:30  WARN 24648 --- [employee-management-system] [http-nio-8888-exec-4] c.ems.exception.GlobalExceptionHandler   : Static resource not found: favicon.ico
2026-08-07T15:16:32.043+05:30  WARN 24648 --- [employee-management-system] [http-nio-8888-exec-4] .m.m.a.ExceptionHandlerExceptionResolver : Resolved [org.springframework.web.servlet.resource.NoResourceFoundException: No static resource favicon.ico for request '/favicon.ico'.]
